./CDE:                                    directory
./CDE/scripts/coalesce/bsdiff-4.3.tar.gz: gzip compressed data, from Unix, last modified: Tue Aug 16 15:15:13 2005
./CDE/scripts/coalesce:                   directory
./CDE/scripts:                            directory
./CDE/strace-4.6/cde.c:                   ASCII C program text
./CDE/strace-4.6:                         directory
./contents.txt:                           empty
.:                                        directory
